<div class="
    grid  gap-6

            sticky top-0
        p-4
        text-sm uppercase tracking-wider font-medium
        bg-gray-200
    ">
    This should be rendered in the middle
</div>
